******************************************************************************
                  MSP430 Linker PC v4.1.1                      
******************************************************************************
>> Linked Thu Oct 10 06:56:24 2013

OUTPUT FILE NAME:   <TriTeam.out>
ENTRY POINT SYMBOL: "_c_int00"  address: 0000c76c


MEMORY CONFIGURATION

         name            origin    length      used     unused   attr    fill
----------------------  --------  ---------  --------  --------  ----  --------
  SFR                   00000000   00000010  00000000  00000010  RWIX
  PERIPHERALS_8BIT      00000010   000000f0  00000000  000000f0  RWIX
  PERIPHERALS_16BIT     00000100   00000100  00000000  00000100  RWIX
  RAM                   00000200   00000200  00000072  0000018e  RWIX
  INFOD                 00001000   00000040  00000000  00000040  RWIX
  INFOC                 00001040   00000040  00000000  00000040  RWIX
  INFOB                 00001080   00000040  00000000  00000040  RWIX
  INFOA                 000010c0   00000040  00000000  00000040  RWIX
  FLASH                 0000c000   00003fe0  000008f2  000036ee  RWIX
  INT00                 0000ffe0   00000002  00000000  00000002  RWIX
  INT01                 0000ffe2   00000002  00000000  00000002  RWIX
  INT02                 0000ffe4   00000002  00000000  00000002  RWIX
  INT03                 0000ffe6   00000002  00000000  00000002  RWIX
  INT04                 0000ffe8   00000002  00000000  00000002  RWIX
  INT05                 0000ffea   00000002  00000002  00000000  RWIX
  INT06                 0000ffec   00000002  00000000  00000002  RWIX
  INT07                 0000ffee   00000002  00000000  00000002  RWIX
  INT08                 0000fff0   00000002  00000000  00000002  RWIX
  INT09                 0000fff2   00000002  00000002  00000000  RWIX
  INT10                 0000fff4   00000002  00000000  00000002  RWIX
  INT11                 0000fff6   00000002  00000000  00000002  RWIX
  INT12                 0000fff8   00000002  00000000  00000002  RWIX
  INT13                 0000fffa   00000002  00000002  00000000  RWIX
  INT14                 0000fffc   00000002  00000000  00000002  RWIX
  RESET                 0000fffe   00000002  00000002  00000000  RWIX


SECTION ALLOCATION MAP

 output                                  attributes/
section   page    origin      length       input sections
--------  ----  ----------  ----------   ----------------
.init_array 
*          0    0000c000    00000000     UNINITIALIZED

.bss       0    00000200    00000020     UNINITIALIZED
                  00000200    00000020     main.obj (.bss)

.TI.noinit 
*          0    00000200    00000000     UNINITIALIZED

.data      0    00000220    00000002     
                  00000220    00000002     main.obj (.data)

.TI.persistent 
*          0    00000220    00000000     UNINITIALIZED

.stack     0    000003b0    00000050     UNINITIALIZED
                  000003b0    00000002     rts430_eabi.lib : boot.obj (.stack)
                  000003b2    0000004e     --HOLE--

.text      0    0000c000    00000894     
                  0000c000    00000116     rts430_eabi.lib : _printfi_min.obj (.text:_setfield)
                  0000c116    00000100     main.obj (.text:main)
                  0000c216    000000ca     rts430_eabi.lib : _printfi_min.obj (.text:_printfi_minimal)
                  0000c2e0    000000a4     kent_lcd_display.obj (.text:LCD_Intialize)
                  0000c384    00000064     main.obj (.text:ADC10_ISR)
                  0000c3e8    0000005e     rts430_eabi.lib : copy_decompress_rle.obj (.text:__TI_decompress_rle_core)
                  0000c446    0000005e                     : autoinit.obj (.text:_auto_init)
                  0000c4a4    00000056                     : _printfi_min.obj (.text:_ltostr)
                  0000c4fa    0000004e     kent_lcd_display.obj (.text:LCD_CHAR_WriteChar)
                  0000c548    0000004e     rts430_eabi.lib : _printfi_min.obj (.text:_pproc_diouxp)
                  0000c596    0000004c                     : lsr16.obj (.text)
                  0000c5e2    0000004a     kent_lcd_display.obj (.text:LCD_WriteLine)
                  0000c62c    00000046     rts430_eabi.lib : _printfi_min.obj (.text:_pproc_str)
                  0000c672    00000038                     : sprintf.obj (.text:sprintf)
                  0000c6aa    0000002e                     : _printfi_min.obj (.text:_getarg_diouxp)
                  0000c6d8    0000002c                     : asr16.obj (.text)
                  0000c704    00000028                     : memccpy.obj (.text:memccpy)
                  0000c72c    00000026     kent_lcd_display.obj (.text:SendNibble)
                  0000c752    0000001a     main.obj (.text:TimerA1_ISR)
                  0000c76c    0000001a     rts430_eabi.lib : boot.obj (.text:_c_int00_noexit)
                  0000c786    0000001a                     : sprintf.obj (.text:_outs)
                  0000c7a0    00000018                     : _printfi_min.obj (.text:_div)
                  0000c7b8    00000016                     : div16u.obj (.text)
                  0000c7ce    00000014                     : copy_zero_init.obj (.text:decompress:ZI:__TI_zero_init)
                  0000c7e2    00000014                     : memset.obj (.text:memset)
                  0000c7f6    00000014                     : mult16.obj (.text)
                  0000c80a    00000012     kent_lcd_display.obj (.text:LCD_CHAR_WriteCommand)
                  0000c81c    00000012     main.obj (.text:TIMERA0_ISR)
                  0000c82e    00000012     rts430_eabi.lib : sprintf.obj (.text:_outc)
                  0000c840    00000012                     : copy_decompress_none.obj (.text:decompress:none:__TI_decompress_none)
                  0000c852    00000012                     : memcpy.obj (.text:memcpy)
                  0000c864    00000012                     : strlen.obj (.text:strlen)
                  0000c876    00000010                     : epilog.obj (.text)
                  0000c886    00000006                     : copy_decompress_rle.obj (.text:decompress:rle24:__TI_decompress_rle24)
                  0000c88c    00000004                     : pre_init.obj (.text:_system_pre_init)
                  0000c890    00000004                     : exit.obj (.text:abort)

.const     0    0000c894    00000046     
                  0000c894    00000032     main.obj (.const:.string)
                  0000c8c6    00000014     rts430_eabi.lib : _printfi_min.obj (.const:.string)

.cinit     0    0000c8da    00000018     
                  0000c8da    00000006     (.cinit..data.load) [load image]
                  0000c8e0    00000006     (__TI_handler_table)
                  0000c8e6    00000004     (.cinit..bss.load) [load image, compression = zero_init]
                  0000c8ea    00000008     (__TI_cinit_table)

ADC10      0    0000ffea    00000002     
                  0000ffea    00000002     main.obj (.int05)

TIMER0_A0 
*          0    0000fff2    00000002     
                  0000fff2    00000002     main.obj (.int09)

TIMER1_A0 
*          0    0000fffa    00000002     
                  0000fffa    00000002     main.obj (.int13)

.reset     0    0000fffe    00000002     
                  0000fffe    00000002     rts430_eabi.lib : boot.obj (.reset)


LINKER GENERATED COPY TABLES

__TI_cinit_table @ 0000c8ea records: 2, size/record: 4, table size: 8
	.data: load addr=0000c8da, load size=00000006 bytes, run addr=00000220, run size=00000002 bytes, compression=copy
	.bss: load addr=0000c8e6, load size=00000004 bytes, run addr=00000200, run size=00000020 bytes, compression=zero_init


LINKER GENERATED HANDLER TABLE

__TI_handler_table @ 0000c8e0 records: 3, size/record: 2, table size: 6
	index: 0, handler: __TI_zero_init
	index: 1, handler: __TI_decompress_rle24
	index: 2, handler: __TI_decompress_none


GLOBAL SYMBOLS: SORTED ALPHABETICALLY BY Name 

address    name
--------   ----
0000004a   ADC10AE0
000001b0   ADC10CTL0
000001b2   ADC10CTL1
00000048   ADC10DTC0
00000049   ADC10DTC1
000001b4   ADC10MEM
000001bc   ADC10SA
0000c384   ADC10_ISR
00000057   BCSCTL1
00000058   BCSCTL2
00000053   BCSCTL3
0000c890   C$$EXIT
00000059   CACTL1
0000005a   CACTL2
000010fb   CALBC1_12MHZ
000010f9   CALBC1_16MHZ
000010ff   CALBC1_1MHZ
000010fd   CALBC1_8MHZ
000010fa   CALDCO_12MHZ
000010f8   CALDCO_16MHZ
000010fe   CALDCO_1MHZ
000010fc   CALDCO_8MHZ
0000005b   CAPD
00000056   DCOCTL
00000128   FCTL1
0000012a   FCTL2
0000012c   FCTL3
00000000   IE1
00000001   IE2
00000002   IFG1
00000003   IFG2
0000c4fa   LCD_CHAR_WriteChar
0000c80a   LCD_CHAR_WriteCommand
0000c2e0   LCD_Intialize
0000c5e2   LCD_WriteLine
00000022   P1DIR
00000025   P1IE
00000024   P1IES
00000023   P1IFG
00000020   P1IN
00000021   P1OUT
00000027   P1REN
00000026   P1SEL
00000041   P1SEL2
0000002a   P2DIR
0000002d   P2IE
0000002c   P2IES
0000002b   P2IFG
00000028   P2IN
00000029   P2OUT
0000002f   P2REN
0000002e   P2SEL
00000042   P2SEL2
0000001a   P3DIR
00000018   P3IN
00000019   P3OUT
00000010   P3REN
0000001b   P3SEL
00000043   P3SEL2
0000c72c   SendNibble
00000172   TA0CCR0
00000174   TA0CCR1
00000176   TA0CCR2
00000162   TA0CCTL0
00000164   TA0CCTL1
00000166   TA0CCTL2
00000160   TA0CTL
0000012e   TA0IV
00000170   TA0R
00000192   TA1CCR0
00000194   TA1CCR1
00000196   TA1CCR2
00000182   TA1CCTL0
00000184   TA1CCTL1
00000186   TA1CCTL2
00000180   TA1CTL
0000011e   TA1IV
00000190   TA1R
0000c81c   TIMERA0_ISR
0000c752   TimerA1_ISR
0000005d   UCA0ABCTL
00000062   UCA0BR0
00000063   UCA0BR1
00000060   UCA0CTL0
00000061   UCA0CTL1
0000005f   UCA0IRRCTL
0000005e   UCA0IRTCTL
00000064   UCA0MCTL
00000066   UCA0RXBUF
00000065   UCA0STAT
00000067   UCA0TXBUF
0000006a   UCB0BR0
0000006b   UCB0BR1
00000068   UCB0CTL0
00000069   UCB0CTL1
0000006c   UCB0I2CIE
00000118   UCB0I2COA
0000011a   UCB0I2CSA
0000006e   UCB0RXBUF
0000006d   UCB0STAT
0000006f   UCB0TXBUF
00000120   WDTCTL
00000400   __STACK_END
00000050   __STACK_SIZE
0000c8ea   __TI_CINIT_Base
0000c8f2   __TI_CINIT_Limit
0000c8e0   __TI_Handler_Table_Base
0000c8e6   __TI_Handler_Table_Limit
UNDEFED    __TI_INITARRAY_Base
UNDEFED    __TI_INITARRAY_Limit
00000001   __TI_args_main
0000c840   __TI_decompress_none
0000c886   __TI_decompress_rle24
00000001   __TI_exit
0000c7ce   __TI_zero_init
ffffffff   __binit__
ffffffff   __c_args__
0000c7b8   __mspabi_divu
0000c882   __mspabi_func_epilog_1
0000c880   __mspabi_func_epilog_2
0000c87e   __mspabi_func_epilog_3
0000c87c   __mspabi_func_epilog_4
0000c87a   __mspabi_func_epilog_5
0000c878   __mspabi_func_epilog_6
0000c876   __mspabi_func_epilog_7
0000c7f6   __mspabi_mpyi
0000c7b8   __mspabi_remu
0000c6d8   __mspabi_srai
0000c700   __mspabi_srai_1
0000c6ee   __mspabi_srai_10
0000c6ec   __mspabi_srai_11
0000c6ea   __mspabi_srai_12
0000c6e8   __mspabi_srai_13
0000c6e6   __mspabi_srai_14
0000c6e4   __mspabi_srai_15
0000c6fe   __mspabi_srai_2
0000c6fc   __mspabi_srai_3
0000c6fa   __mspabi_srai_4
0000c6f8   __mspabi_srai_5
0000c6f6   __mspabi_srai_6
0000c6f4   __mspabi_srai_7
0000c6f2   __mspabi_srai_8
0000c6f0   __mspabi_srai_9
0000c596   __mspabi_srli
0000c5dc   __mspabi_srli_1
0000c5b8   __mspabi_srli_10
0000c5b4   __mspabi_srli_11
0000c5b0   __mspabi_srli_12
0000c5ac   __mspabi_srli_13
0000c5a8   __mspabi_srli_14
0000c5a4   __mspabi_srli_15
0000c5d8   __mspabi_srli_2
0000c5d4   __mspabi_srli_3
0000c5d0   __mspabi_srli_4
0000c5cc   __mspabi_srli_5
0000c5c8   __mspabi_srli_6
0000c5c4   __mspabi_srli_7
0000c5c0   __mspabi_srli_8
0000c5bc   __mspabi_srli_9
0000c446   _auto_init
0000c76c   _c_int00
0000c76c   _c_int00_noexit
0000c216   _printfi_minimal
0000fffe   _reset_vector
000003b0   _stack
0000c88c   _system_pre_init
0000c890   abort
ffffffff   binit
00000208   count
00000200   current_count
00000220   flags
00000206   knob_count
00000204   knob_count_low_pass_filter
0000c116   main
0000c704   memccpy
0000c852   memcpy
0000c7e2   memset
0000c672   sprintf
0000c864   strlen
0000020a   topstring
00000202   voltage_count


GLOBAL SYMBOLS: SORTED BY Symbol Address 

address    name
--------   ----
00000000   IE1
00000001   IE2
00000001   __TI_args_main
00000001   __TI_exit
00000002   IFG1
00000003   IFG2
00000010   P3REN
00000018   P3IN
00000019   P3OUT
0000001a   P3DIR
0000001b   P3SEL
00000020   P1IN
00000021   P1OUT
00000022   P1DIR
00000023   P1IFG
00000024   P1IES
00000025   P1IE
00000026   P1SEL
00000027   P1REN
00000028   P2IN
00000029   P2OUT
0000002a   P2DIR
0000002b   P2IFG
0000002c   P2IES
0000002d   P2IE
0000002e   P2SEL
0000002f   P2REN
00000041   P1SEL2
00000042   P2SEL2
00000043   P3SEL2
00000048   ADC10DTC0
00000049   ADC10DTC1
0000004a   ADC10AE0
00000050   __STACK_SIZE
00000053   BCSCTL3
00000056   DCOCTL
00000057   BCSCTL1
00000058   BCSCTL2
00000059   CACTL1
0000005a   CACTL2
0000005b   CAPD
0000005d   UCA0ABCTL
0000005e   UCA0IRTCTL
0000005f   UCA0IRRCTL
00000060   UCA0CTL0
00000061   UCA0CTL1
00000062   UCA0BR0
00000063   UCA0BR1
00000064   UCA0MCTL
00000065   UCA0STAT
00000066   UCA0RXBUF
00000067   UCA0TXBUF
00000068   UCB0CTL0
00000069   UCB0CTL1
0000006a   UCB0BR0
0000006b   UCB0BR1
0000006c   UCB0I2CIE
0000006d   UCB0STAT
0000006e   UCB0RXBUF
0000006f   UCB0TXBUF
00000118   UCB0I2COA
0000011a   UCB0I2CSA
0000011e   TA1IV
00000120   WDTCTL
00000128   FCTL1
0000012a   FCTL2
0000012c   FCTL3
0000012e   TA0IV
00000160   TA0CTL
00000162   TA0CCTL0
00000164   TA0CCTL1
00000166   TA0CCTL2
00000170   TA0R
00000172   TA0CCR0
00000174   TA0CCR1
00000176   TA0CCR2
00000180   TA1CTL
00000182   TA1CCTL0
00000184   TA1CCTL1
00000186   TA1CCTL2
00000190   TA1R
00000192   TA1CCR0
00000194   TA1CCR1
00000196   TA1CCR2
000001b0   ADC10CTL0
000001b2   ADC10CTL1
000001b4   ADC10MEM
000001bc   ADC10SA
00000200   current_count
00000202   voltage_count
00000204   knob_count_low_pass_filter
00000206   knob_count
00000208   count
0000020a   topstring
00000220   flags
000003b0   _stack
00000400   __STACK_END
000010f8   CALDCO_16MHZ
000010f9   CALBC1_16MHZ
000010fa   CALDCO_12MHZ
000010fb   CALBC1_12MHZ
000010fc   CALDCO_8MHZ
000010fd   CALBC1_8MHZ
000010fe   CALDCO_1MHZ
000010ff   CALBC1_1MHZ
0000c116   main
0000c216   _printfi_minimal
0000c2e0   LCD_Intialize
0000c384   ADC10_ISR
0000c446   _auto_init
0000c4fa   LCD_CHAR_WriteChar
0000c596   __mspabi_srli
0000c5a4   __mspabi_srli_15
0000c5a8   __mspabi_srli_14
0000c5ac   __mspabi_srli_13
0000c5b0   __mspabi_srli_12
0000c5b4   __mspabi_srli_11
0000c5b8   __mspabi_srli_10
0000c5bc   __mspabi_srli_9
0000c5c0   __mspabi_srli_8
0000c5c4   __mspabi_srli_7
0000c5c8   __mspabi_srli_6
0000c5cc   __mspabi_srli_5
0000c5d0   __mspabi_srli_4
0000c5d4   __mspabi_srli_3
0000c5d8   __mspabi_srli_2
0000c5dc   __mspabi_srli_1
0000c5e2   LCD_WriteLine
0000c672   sprintf
0000c6d8   __mspabi_srai
0000c6e4   __mspabi_srai_15
0000c6e6   __mspabi_srai_14
0000c6e8   __mspabi_srai_13
0000c6ea   __mspabi_srai_12
0000c6ec   __mspabi_srai_11
0000c6ee   __mspabi_srai_10
0000c6f0   __mspabi_srai_9
0000c6f2   __mspabi_srai_8
0000c6f4   __mspabi_srai_7
0000c6f6   __mspabi_srai_6
0000c6f8   __mspabi_srai_5
0000c6fa   __mspabi_srai_4
0000c6fc   __mspabi_srai_3
0000c6fe   __mspabi_srai_2
0000c700   __mspabi_srai_1
0000c704   memccpy
0000c72c   SendNibble
0000c752   TimerA1_ISR
0000c76c   _c_int00
0000c76c   _c_int00_noexit
0000c7b8   __mspabi_divu
0000c7b8   __mspabi_remu
0000c7ce   __TI_zero_init
0000c7e2   memset
0000c7f6   __mspabi_mpyi
0000c80a   LCD_CHAR_WriteCommand
0000c81c   TIMERA0_ISR
0000c840   __TI_decompress_none
0000c852   memcpy
0000c864   strlen
0000c876   __mspabi_func_epilog_7
0000c878   __mspabi_func_epilog_6
0000c87a   __mspabi_func_epilog_5
0000c87c   __mspabi_func_epilog_4
0000c87e   __mspabi_func_epilog_3
0000c880   __mspabi_func_epilog_2
0000c882   __mspabi_func_epilog_1
0000c886   __TI_decompress_rle24
0000c88c   _system_pre_init
0000c890   C$$EXIT
0000c890   abort
0000c8e0   __TI_Handler_Table_Base
0000c8e6   __TI_Handler_Table_Limit
0000c8ea   __TI_CINIT_Base
0000c8f2   __TI_CINIT_Limit
0000fffe   _reset_vector
ffffffff   __binit__
ffffffff   __c_args__
ffffffff   binit
UNDEFED    __TI_INITARRAY_Base
UNDEFED    __TI_INITARRAY_Limit

[181 symbols]
